// Jest Snapshot v1, https://goo.gl/fbAQLP

exports[`<IndividualSongPage /> test suite should render and match snapshot 1`] = `
<body>
  <div>
    <div
      class="css-zjik7 e193px3m4"
    >
      <audio>
        <source
          type="type/mpeg"
        />
      </audio>
    </div>
  </div>
</body>
`;
